2025-04-23 07:23:00 | WARN | repo=pv243-a4m36jee-2016-cdi-seminar | action=edit | files=2
2025-02-22 19:49:00 | INFO | repo=pv243-a4m36jee-2016-cdi-seminar | action=commit
2025-08-10 20:54:00 | DEBUG | repo=pv243-a4m36jee-2016-cdi-seminar | action=pull
2025-04-20 13:56:00 | INFO | repo=pv243-a4m36jee-2016-cdi-seminar | action=commit
2025-04-26 10:07:00 | DEBUG | repo=pv243-a4m36jee-2016-cdi-seminar | action=commit
2025-06-22 20:43:00 | DEBUG | repo=pv243-a4m36jee-2016-cdi-seminar | action=commit
2025-09-11 07:41:00 | INFO | repo=pv243-a4m36jee-2016-cdi-seminar | action=commit
2025-06-21 19:50:00 | DEBUG | repo=pv243-a4m36jee-2016-cdi-seminar | action=commit
2025-06-26 19:45:00 | INFO | repo=pv243-a4m36jee-2016-cdi-seminar | action=commit
2025-04-12 07:06:00 | INFO | repo=pv243-a4m36jee-2016-cdi-seminar | action=pull
2025-09-19 21:47:00 | WARN | repo=pv243-a4m36jee-2016-cdi-seminar | action=pull
2025-09-14 09:23:00 | WARN | repo=pv243-a4m36jee-2016-cdi-seminar | action=commit
2025-08-01 21:58:00 | WARN | repo=pv243-a4m36jee-2016-cdi-seminar | action=pull
2025-04-04 15:00:00 | DEBUG | repo=pv243-a4m36jee-2016-cdi-seminar | action=pull
2025-04-15 08:14:00 | DEBUG | repo=pv243-a4m36jee-2016-cdi-seminar | action=pull
2025-07-27 16:29:00 | DEBUG | repo=pv243-a4m36jee-2016-cdi-seminar | action=test | passed=true
2025-02-23 13:24:00 | DEBUG | repo=pv243-a4m36jee-2016-cdi-seminar | action=commit
2025-11-21 13:44:00 | DEBUG | repo=pv243-a4m36jee-2016-cdi-seminar | action=commit
2025-11-24 17:33:00 | DEBUG | repo=pv243-a4m36jee-2016-cdi-seminar | action=commit
2025-03-05 10:17:00 | DEBUG | repo=pv243-a4m36jee-2016-cdi-seminar | action=test | passed=true
2025-08-04 17:46:00 | INFO | repo=pv243-a4m36jee-2016-cdi-seminar | action=commit
2025-06-24 09:01:00 | WARN | repo=pv243-a4m36jee-2016-cdi-seminar | action=edit | files=2
2025-06-06 11:20:00 | DEBUG | repo=pv243-a4m36jee-2016-cdi-seminar | action=commit
2025-11-10 17:29:00 | DEBUG | repo=pv243-a4m36jee-2016-cdi-seminar | action=commit
2025-05-21 20:05:00 | INFO | repo=pv243-a4m36jee-2016-cdi-seminar | action=commit
2025-06-21 08:35:00 | INFO | repo=pv243-a4m36jee-2016-cdi-seminar | action=pull
2025-05-17 16:28:00 | INFO | repo=pv243-a4m36jee-2016-cdi-seminar | action=test | passed=true
2025-07-25 21:57:00 | INFO | repo=pv243-a4m36jee-2016-cdi-seminar | action=commit
2025-04-05 09:03:00 | DEBUG | repo=pv243-a4m36jee-2016-cdi-seminar | action=commit
